{
  "version": "1.5.0",
  "plugins_used": [
    {
      "name": "ArtifactoryDetector"
    },
    {
      "name": "AWSKeyDetector"
    },
    {
      "name": "AzureStorageKeyDetector"
    },
    {
      "name": "Base64HighEntropyString",
      "limit": 4.5
    },
    {
      "name": "BasicAuthDetector"
    },
    {
      "name": "CloudantDetector"
    },
    {
      "name": "DiscordBotTokenDetector"
    },
    {
      "name": "GitHubTokenDetector"
    },
    {
      "name": "GitLabTokenDetector"
    },
    {
      "name": "HexHighEntropyString",
      "limit": 3.0
    },
    {
      "name": "IbmCloudIamDetector"
    },
    {
      "name": "IbmCosHmacDetector"
    },
    {
      "name": "IPPublicDetector"
    },
    {
      "name": "JwtTokenDetector"
    },
    {
      "name": "KeywordDetector",
      "keyword_exclude": ""
    },
    {
      "name": "MailchimpDetector"
    },
    {
      "name": "NpmDetector"
    },
    {
      "name": "OpenAIDetector"
    },
    {
      "name": "PrivateKeyDetector"
    },
    {
      "name": "PypiTokenDetector"
    },
    {
      "name": "SendGridDetector"
    },
    {
      "name": "SlackDetector"
    },
    {
      "name": "SoftlayerDetector"
    },
    {
      "name": "SquareOAuthDetector"
    },
    {
      "name": "StripeDetector"
    },
    {
      "name": "TelegramBotTokenDetector"
    },
    {
      "name": "TwilioKeyDetector"
    }
  ],
  "filters_used": [
    {
      "path": "detect_secrets.filters.allowlist.is_line_allowlisted"
    },
    {
      "path": "detect_secrets.filters.common.is_baseline_file",
      "filename": "/home/user/autonomous-ai-career-agent/.secrets.baseline"
    },
    {
      "path": "detect_secrets.filters.common.is_ignored_due_to_verification_policies",
      "min_level": 2
    },
    {
      "path": "detect_secrets.filters.heuristic.is_indirect_reference"
    },
    {
      "path": "detect_secrets.filters.heuristic.is_likely_id_string"
    },
    {
      "path": "detect_secrets.filters.heuristic.is_lock_file"
    },
    {
      "path": "detect_secrets.filters.heuristic.is_not_alphanumeric_string"
    },
    {
      "path": "detect_secrets.filters.heuristic.is_potential_uuid"
    },
    {
      "path": "detect_secrets.filters.heuristic.is_prefixed_with_dollar_sign"
    },
    {
      "path": "detect_secrets.filters.heuristic.is_sequential_string"
    },
    {
      "path": "detect_secrets.filters.heuristic.is_swagger_file"
    },
    {
      "path": "detect_secrets.filters.heuristic.is_templated_secret"
    },
    {
      "path": "detect_secrets.filters.regex.should_exclude_file",
      "pattern": [
        "\\.venv/",
        "node_modules/",
        "frontend/dist/",
        "\\.git/",
        "^\\.secrets\\.baseline$"
      ]
    }
  ],
  "results": {
    "docker.env": [
      {
        "type": "Secret Keyword",
        "filename": "docker.env",
        "hashed_secret": "ef7a703e88f07f52fb75d97e9ef37a8cf30118bd",
        "is_verified": false,
        "line_number": 37
      }
    ],
    "promptfoo/promptfooconfig.groq.yaml": [
      {
        "type": "Secret Keyword",
        "filename": "promptfoo/promptfooconfig.groq.yaml",
        "hashed_secret": "1a37d41260f96724ee881be5e261b4d043f0626b",
        "is_verified": false,
        "line_number": 54
      }
    ],
    "tests/api/test_admin_router.py": [
      {
        "type": "Secret Keyword",
        "filename": "tests/api/test_admin_router.py",
        "hashed_secret": "fd014e6bc3f1bd4a5a46886b203497ab110c5bb7",
        "is_verified": false,
        "line_number": 15
      },
      {
        "type": "Secret Keyword",
        "filename": "tests/api/test_admin_router.py",
        "hashed_secret": "f97979ff44a9a1a4105f4bae6fe809715e0a0a84",
        "is_verified": false,
        "line_number": 39
      }
    ],
    "tests/api/test_audit_log_router.py": [
      {
        "type": "Secret Keyword",
        "filename": "tests/api/test_audit_log_router.py",
        "hashed_secret": "fd014e6bc3f1bd4a5a46886b203497ab110c5bb7",
        "is_verified": false,
        "line_number": 13
      },
      {
        "type": "Secret Keyword",
        "filename": "tests/api/test_audit_log_router.py",
        "hashed_secret": "f97979ff44a9a1a4105f4bae6fe809715e0a0a84",
        "is_verified": false,
        "line_number": 37
      }
    ],
    "tests/api/test_auth.py": [
      {
        "type": "Secret Keyword",
        "filename": "tests/api/test_auth.py",
        "hashed_secret": "fd014e6bc3f1bd4a5a46886b203497ab110c5bb7",
        "is_verified": false,
        "line_number": 19
      },
      {
        "type": "Secret Keyword",
        "filename": "tests/api/test_auth.py",
        "hashed_secret": "f97979ff44a9a1a4105f4bae6fe809715e0a0a84",
        "is_verified": false,
        "line_number": 53
      },
      {
        "type": "Secret Keyword",
        "filename": "tests/api/test_auth.py",
        "hashed_secret": "a0f4ea7d91495df92bbac2e2149dfb850fe81396",
        "is_verified": false,
        "line_number": 65
      },
      {
        "type": "Secret Keyword",
        "filename": "tests/api/test_auth.py",
        "hashed_secret": "4a950320ec1ab38b45e4f4aa2592f5bd676aa2e5",
        "is_verified": false,
        "line_number": 77
      },
      {
        "type": "Secret Keyword",
        "filename": "tests/api/test_auth.py",
        "hashed_secret": "a4b48a81cdab1e1a5dd37907d6c85ca1c61ddc7c",
        "is_verified": false,
        "line_number": 101
      },
      {
        "type": "Secret Keyword",
        "filename": "tests/api/test_auth.py",
        "hashed_secret": "02b3bbaf45317fb81e8180a9aafa70441df098dd",
        "is_verified": false,
        "line_number": 108
      },
      {
        "type": "Secret Keyword",
        "filename": "tests/api/test_auth.py",
        "hashed_secret": "70e87e82a940171b892bbcc555948d40965cc40e",
        "is_verified": false,
        "line_number": 193
      },
      {
        "type": "Secret Keyword",
        "filename": "tests/api/test_auth.py",
        "hashed_secret": "9a0ee42de7307d91d4b5f61daca093b1286d7a9c",
        "is_verified": false,
        "line_number": 207
      }
    ],
    "tests/api/test_billing_router.py": [
      {
        "type": "Secret Keyword",
        "filename": "tests/api/test_billing_router.py",
        "hashed_secret": "fd014e6bc3f1bd4a5a46886b203497ab110c5bb7",
        "is_verified": false,
        "line_number": 14
      },
      {
        "type": "Secret Keyword",
        "filename": "tests/api/test_billing_router.py",
        "hashed_secret": "f97979ff44a9a1a4105f4bae6fe809715e0a0a84",
        "is_verified": false,
        "line_number": 38
      }
    ],
    "tests/api/test_coach_router.py": [
      {
        "type": "Secret Keyword",
        "filename": "tests/api/test_coach_router.py",
        "hashed_secret": "fd014e6bc3f1bd4a5a46886b203497ab110c5bb7",
        "is_verified": false,
        "line_number": 28
      }
    ],
    "tests/api/test_dashboard_api.py": [
      {
        "type": "Secret Keyword",
        "filename": "tests/api/test_dashboard_api.py",
        "hashed_secret": "fd014e6bc3f1bd4a5a46886b203497ab110c5bb7",
        "is_verified": false,
        "line_number": 34
      }
    ],
    "tests/api/test_discover_router.py": [
      {
        "type": "Secret Keyword",
        "filename": "tests/api/test_discover_router.py",
        "hashed_secret": "fd014e6bc3f1bd4a5a46886b203497ab110c5bb7",
        "is_verified": false,
        "line_number": 23
      },
      {
        "type": "Secret Keyword",
        "filename": "tests/api/test_discover_router.py",
        "hashed_secret": "f97979ff44a9a1a4105f4bae6fe809715e0a0a84",
        "is_verified": false,
        "line_number": 49
      }
    ],
    "tests/api/test_master_profile_router.py": [
      {
        "type": "Secret Keyword",
        "filename": "tests/api/test_master_profile_router.py",
        "hashed_secret": "fd014e6bc3f1bd4a5a46886b203497ab110c5bb7",
        "is_verified": false,
        "line_number": 14
      },
      {
        "type": "Secret Keyword",
        "filename": "tests/api/test_master_profile_router.py",
        "hashed_secret": "f97979ff44a9a1a4105f4bae6fe809715e0a0a84",
        "is_verified": false,
        "line_number": 38
      }
    ],
    "tests/api/test_middleware.py": [
      {
        "type": "Secret Keyword",
        "filename": "tests/api/test_middleware.py",
        "hashed_secret": "fd014e6bc3f1bd4a5a46886b203497ab110c5bb7",
        "is_verified": false,
        "line_number": 19
      }
    ],
    "tests/api/test_notification_settings_router.py": [
      {
        "type": "Secret Keyword",
        "filename": "tests/api/test_notification_settings_router.py",
        "hashed_secret": "fd014e6bc3f1bd4a5a46886b203497ab110c5bb7",
        "is_verified": false,
        "line_number": 13
      },
      {
        "type": "Secret Keyword",
        "filename": "tests/api/test_notification_settings_router.py",
        "hashed_secret": "f97979ff44a9a1a4105f4bae6fe809715e0a0a84",
        "is_verified": false,
        "line_number": 39
      }
    ],
    "tests/api/test_notifications_router.py": [
      {
        "type": "Secret Keyword",
        "filename": "tests/api/test_notifications_router.py",
        "hashed_secret": "fd014e6bc3f1bd4a5a46886b203497ab110c5bb7",
        "is_verified": false,
        "line_number": 14
      },
      {
        "type": "Secret Keyword",
        "filename": "tests/api/test_notifications_router.py",
        "hashed_secret": "f97979ff44a9a1a4105f4bae6fe809715e0a0a84",
        "is_verified": false,
        "line_number": 40
      }
    ],
    "tests/api/test_organizations_router.py": [
      {
        "type": "Secret Keyword",
        "filename": "tests/api/test_organizations_router.py",
        "hashed_secret": "fd014e6bc3f1bd4a5a46886b203497ab110c5bb7",
        "is_verified": false,
        "line_number": 13
      },
      {
        "type": "Secret Keyword",
        "filename": "tests/api/test_organizations_router.py",
        "hashed_secret": "f97979ff44a9a1a4105f4bae6fe809715e0a0a84",
        "is_verified": false,
        "line_number": 37
      }
    ],
    "tests/api/test_password_changed_notification.py": [
      {
        "type": "Secret Keyword",
        "filename": "tests/api/test_password_changed_notification.py",
        "hashed_secret": "fd014e6bc3f1bd4a5a46886b203497ab110c5bb7",
        "is_verified": false,
        "line_number": 23
      },
      {
        "type": "Secret Keyword",
        "filename": "tests/api/test_password_changed_notification.py",
        "hashed_secret": "70e87e82a940171b892bbcc555948d40965cc40e",
        "is_verified": false,
        "line_number": 54
      },
      {
        "type": "Secret Keyword",
        "filename": "tests/api/test_password_changed_notification.py",
        "hashed_secret": "9a0ee42de7307d91d4b5f61daca093b1286d7a9c",
        "is_verified": false,
        "line_number": 68
      }
    ],
    "tests/api/test_roles_router.py": [
      {
        "type": "Secret Keyword",
        "filename": "tests/api/test_roles_router.py",
        "hashed_secret": "fd014e6bc3f1bd4a5a46886b203497ab110c5bb7",
        "is_verified": false,
        "line_number": 14
      },
      {
        "type": "Secret Keyword",
        "filename": "tests/api/test_roles_router.py",
        "hashed_secret": "f97979ff44a9a1a4105f4bae6fe809715e0a0a84",
        "is_verified": false,
        "line_number": 39
      }
    ],
    "tests/api/test_submission_actions_router.py": [
      {
        "type": "Secret Keyword",
        "filename": "tests/api/test_submission_actions_router.py",
        "hashed_secret": "fd014e6bc3f1bd4a5a46886b203497ab110c5bb7",
        "is_verified": false,
        "line_number": 43
      },
      {
        "type": "Secret Keyword",
        "filename": "tests/api/test_submission_actions_router.py",
        "hashed_secret": "f97979ff44a9a1a4105f4bae6fe809715e0a0a84",
        "is_verified": false,
        "line_number": 75
      }
    ],
    "tests/api/test_team_router.py": [
      {
        "type": "Secret Keyword",
        "filename": "tests/api/test_team_router.py",
        "hashed_secret": "fd014e6bc3f1bd4a5a46886b203497ab110c5bb7",
        "is_verified": false,
        "line_number": 15
      },
      {
        "type": "Secret Keyword",
        "filename": "tests/api/test_team_router.py",
        "hashed_secret": "f97979ff44a9a1a4105f4bae6fe809715e0a0a84",
        "is_verified": false,
        "line_number": 39
      }
    ],
    "tests/api/test_user_router.py": [
      {
        "type": "Secret Keyword",
        "filename": "tests/api/test_user_router.py",
        "hashed_secret": "fd014e6bc3f1bd4a5a46886b203497ab110c5bb7",
        "is_verified": false,
        "line_number": 12
      },
      {
        "type": "Secret Keyword",
        "filename": "tests/api/test_user_router.py",
        "hashed_secret": "f97979ff44a9a1a4105f4bae6fe809715e0a0a84",
        "is_verified": false,
        "line_number": 29
      }
    ],
    "tests/core/test_config.py": [
      {
        "type": "Secret Keyword",
        "filename": "tests/core/test_config.py",
        "hashed_secret": "ed65c049bb2f78ee4f703b2158ba9cc6ea31fb7e",
        "is_verified": false,
        "line_number": 29
      },
      {
        "type": "Secret Keyword",
        "filename": "tests/core/test_config.py",
        "hashed_secret": "95c8b36a186d2d2d527582757268c8011555ad26",
        "is_verified": false,
        "line_number": 47
      }
    ],
    "tests/core/test_security.py": [
      {
        "type": "Secret Keyword",
        "filename": "tests/core/test_security.py",
        "hashed_secret": "7deeb1b520a95d17eb2f4cf59b05d5c5f9e71e4d",
        "is_verified": false,
        "line_number": 62
      },
      {
        "type": "Secret Keyword",
        "filename": "tests/core/test_security.py",
        "hashed_secret": "fef341f85d87439e7d91a2d465b9871ef66b5e98",
        "is_verified": false,
        "line_number": 70
      }
    ],
    "tests/integrations/test_email.py": [
      {
        "type": "Secret Keyword",
        "filename": "tests/integrations/test_email.py",
        "hashed_secret": "9d4e1e23bd5b727046a9e3b4b7db57bd8d6ee684",
        "is_verified": false,
        "line_number": 18
      }
    ],
    "tests/llm/test_groq_providers.py": [
      {
        "type": "Secret Keyword",
        "filename": "tests/llm/test_groq_providers.py",
        "hashed_secret": "dff6d4ff5dc357cf451d1855ab9cbda562645c9f",
        "is_verified": false,
        "line_number": 99
      },
      {
        "type": "Secret Keyword",
        "filename": "tests/llm/test_groq_providers.py",
        "hashed_secret": "99091d046a81493ef2545d8c3cd8e881e8702893",
        "is_verified": false,
        "line_number": 182
      }
    ],
    "tests/llm/test_promptfoo_gate.py": [
      {
        "type": "Secret Keyword",
        "filename": "tests/llm/test_promptfoo_gate.py",
        "hashed_secret": "eab62277c17cff6a034a4f57267d1306f9440be1",
        "is_verified": false,
        "line_number": 503
      }
    ],
    "tests/plugins/test_exa.py": [
      {
        "type": "Secret Keyword",
        "filename": "tests/plugins/test_exa.py",
        "hashed_secret": "dedb652065586ec66c9937e29b71eec9a78e6501",
        "is_verified": false,
        "line_number": 12
      }
    ],
    "tests/plugins/test_google_cse.py": [
      {
        "type": "Secret Keyword",
        "filename": "tests/plugins/test_google_cse.py",
        "hashed_secret": "dedb652065586ec66c9937e29b71eec9a78e6501",
        "is_verified": false,
        "line_number": 15
      }
    ],
    "tests/plugins/test_job_boards.py": [
      {
        "type": "Secret Keyword",
        "filename": "tests/plugins/test_job_boards.py",
        "hashed_secret": "1da093cbef664bb2b8bf75ad18d6e3f00d9c6d2f",
        "is_verified": false,
        "line_number": 114
      },
      {
        "type": "Secret Keyword",
        "filename": "tests/plugins/test_job_boards.py",
        "hashed_secret": "dff6d4ff5dc357cf451d1855ab9cbda562645c9f",
        "is_verified": false,
        "line_number": 239
      }
    ],
    "tests/storage/test_user_store.py": [
      {
        "type": "Secret Keyword",
        "filename": "tests/storage/test_user_store.py",
        "hashed_secret": "91e99ca1d3c409faf3b6eee63e199522a24de8b7",
        "is_verified": false,
        "line_number": 78
      }
    ],
    "tests/test_discover_preferences_integration.py": [
      {
        "type": "Secret Keyword",
        "filename": "tests/test_discover_preferences_integration.py",
        "hashed_secret": "91adafe3c44e757ea87fa6353b747b4fff11a1bb",
        "is_verified": false,
        "line_number": 29
      },
      {
        "type": "Secret Keyword",
        "filename": "tests/test_discover_preferences_integration.py",
        "hashed_secret": "f90b68a64718c5d13e7ccdd4bd8354d34206e9b1",
        "is_verified": false,
        "line_number": 30
      },
      {
        "type": "Secret Keyword",
        "filename": "tests/test_discover_preferences_integration.py",
        "hashed_secret": "fc645664ab2e27ee32e074341bd3adeb2552ea82",
        "is_verified": false,
        "line_number": 32
      }
    ],
    "tests/test_scheduler_jobs.py": [
      {
        "type": "Secret Keyword",
        "filename": "tests/test_scheduler_jobs.py",
        "hashed_secret": "f4661dbb67fad1fc4d25f0fddf07479e70ae0771",
        "is_verified": false,
        "line_number": 46
      }
    ],
    "tests/test_secrets_baseline.py": [
      {
        "type": "Secret Keyword",
        "filename": "tests/test_secrets_baseline.py",
        "hashed_secret": "23082c1ef43991d14911fe5ac38ca26d3188de97",
        "is_verified": false,
        "line_number": 117
      },
      {
        "type": "AWS Access Key",
        "filename": "tests/test_secrets_baseline.py",
        "hashed_secret": "25910f981e85ca04baf359199dd0bd4a3ae738b6",
        "is_verified": false,
        "line_number": 117
      }
    ],
    "tests/test_setup_command.py": [
      {
        "type": "Secret Keyword",
        "filename": "tests/test_setup_command.py",
        "hashed_secret": "bc979e759aa791126a9ea892c77a7c89fc5435fa",
        "is_verified": false,
        "line_number": 124
      }
    ]
  },
  "generated_at": "2026-07-13T00:35:17Z"
}
